<html>
<body>
<pre>
<h1>µVision Build Log</h1>
<h2>Project:</h2>
C:\Users\Pouet\Desktop\STM32F0\template\template.uvproj
Project File Date:  08/04/2014

<h2>Output:</h2>
Rebuild target 'Project'
compiling stm32f0xx_it.c...
assembling startup_stm32f0xx.s...
compiling system_stm32f0xx.c...
compiling stm32f0xx_adc.c...
compiling stm32f0xx_cec.c...
compiling stm32f0xx_comp.c...
compiling stm32f0xx_crc.c...
compiling stm32f0xx_dac.c...
compiling stm32f0xx_dbgmcu.c...
compiling stm32f0xx_dma.c...
compiling stm32f0xx_exti.c...
compiling stm32f0xx_flash.c...
compiling stm32f0xx_gpio.c...
compiling stm32f0xx_i2c.c...
compiling stm32f0xx_iwdg.c...
compiling stm32f0xx_misc.c...
compiling stm32f0xx_pwr.c...
compiling stm32f0xx_rcc.c...
compiling stm32f0xx_rtc.c...
compiling stm32f0xx_spi.c...
compiling stm32f0xx_syscfg.c...
compiling stm32f0xx_tim.c...
compiling stm32f0xx_usart.c...
compiling stm32f0xx_wwdg.c...
compiling diskio.c...
compiling ff.c...
compiling sdcard.c...
compiling Common.c...
compiling Systick.c...
compiling Delay.c...
compiling Analog.cpp...
compiling Digital.cpp...
compiling Timer.cpp...
compiling Serial.cpp...
compiling I2C.cpp...
compiling SPI.cpp...
compiling Touch.cpp...
compiling main.c...
linking...
Program Size: Code=28396 RO-data=296 RW-data=868 ZI-data=2916  
FromELF: creating hex file...
".\obj\template.axf" - 0 Error(s), 0 Warning(s).
</pre>
</body>
</html>
